\BOOKMARK [1][-]{section.1}{\376\377\000P\000e\000n\000d\000a\000h\000u\000l\000u\000a\000n}{}% 1
\BOOKMARK [2][-]{subsection.1.1}{\376\377\000L\000a\000t\000a\000r\000\040\000B\000e\000l\000a\000k\000a\000n\000g}{section.1}% 2
\BOOKMARK [2][-]{subsection.1.2}{\376\377\000R\000u\000m\000u\000s\000a\000n\000\040\000M\000a\000s\000a\000l\000a\000h}{section.1}% 3
\BOOKMARK [2][-]{subsection.1.3}{\376\377\000T\000u\000j\000u\000a\000n}{section.1}% 4
\BOOKMARK [2][-]{subsection.1.4}{\376\377\000R\000u\000a\000n\000g\000\040\000L\000i\000n\000g\000k\000u\000p}{section.1}% 5
\BOOKMARK [1][-]{section.2}{\376\377\000A\000l\000a\000t\000\040\000d\000a\000n\000\040\000B\000a\000h\000a\000n}{}% 6
\BOOKMARK [2][-]{subsection.2.1}{\376\377\000B\000a\000h\000a\000s\000a\000\040\000P\000e\000m\000r\000o\000g\000r\000a\000m\000a\000n\000\040\000d\000a\000n\000\040\000L\000i\000n\000g\000k\000u\000n\000g\000a\000n\000\040\000P\000e\000n\000g\000e\000m\000b\000a\000n\000g\000a\000n}{section.2}% 7
\BOOKMARK [2][-]{subsection.2.2}{\376\377\000L\000i\000b\000r\000a\000r\000y\000\040\000d\000a\000n\000\040\000P\000u\000s\000t\000a\000k\000a\000\040\000y\000a\000n\000g\000\040\000D\000i\000g\000u\000n\000a\000k\000a\000n}{section.2}% 8
\BOOKMARK [2][-]{subsection.2.3}{\376\377\000M\000e\000t\000o\000d\000e\000\040\000d\000a\000n\000\040\000A\000l\000g\000o\000r\000i\000t\000m\000a}{section.2}% 9
\BOOKMARK [1][-]{section.3}{\376\377\000P\000e\000n\000j\000e\000l\000a\000s\000a\000n}{}% 10
\BOOKMARK [2][-]{subsection.3.1}{\376\377\000S\000t\000r\000u\000k\000t\000u\000r\000\040\000F\000o\000l\000d\000e\000r\000\040\000P\000r\000o\000y\000e\000k}{section.3}% 11
\BOOKMARK [2][-]{subsection.3.2}{\376\377\000I\000n\000s\000t\000a\000l\000a\000s\000i\000\040\000L\000i\000b\000r\000a\000r\000y}{section.3}% 12
\BOOKMARK [2][-]{subsection.3.3}{\376\377\000M\000o\000d\000u\000l\000\040\000m\000a\000i\000n\000.\000p\000y}{section.3}% 13
\BOOKMARK [3][-]{subsubsection.3.3.1}{\376\377\000I\000m\000p\000o\000r\000t\000\040\000l\000i\000b\000r\000a\000r\000y\000\040\000p\000a\000d\000a\000\040\000m\000a\000i\000n\000.\000p\000y}{subsection.3.3}% 14
\BOOKMARK [3][-]{subsubsection.3.3.2}{\376\377\000M\000e\000m\000e\000r\000i\000k\000s\000a\000\040\000D\000e\000p\000e\000n\000d\000e\000n\000s\000i}{subsection.3.3}% 15
\BOOKMARK [2][-]{subsection.3.4}{\376\377\000M\000o\000d\000u\000l\000\040\000s\000i\000g\000n\000a\000l\000\137\000p\000r\000o\000c\000e\000s\000s\000i\000n\000g\000.\000p\000y}{section.3}% 16
\BOOKMARK [2][-]{subsection.3.5}{\376\377\000M\000o\000d\000u\000l\000\040\000g\000u\000i\000.\000p\000y}{section.3}% 17
\BOOKMARK [1][-]{section.4}{\376\377\000H\000a\000s\000i\000l}{}% 18
\BOOKMARK [2][-]{subsection.4.1}{\376\377\000H\000a\000s\000i\000l\000\040\000I\000m\000p\000l\000e\000m\000e\000n\000t\000a\000s\000i}{section.4}% 19
\BOOKMARK [2][-]{subsection.4.2}{\376\377\000A\000n\000a\000l\000i\000s\000i\000s\000\040\000H\000a\000s\000i\000l}{section.4}% 20
\BOOKMARK [1][-]{section.5}{\376\377\000K\000e\000s\000i\000m\000p\000u\000l\000a\000n}{}% 21
\BOOKMARK [1][-]{section.6}{\376\377\000L\000a\000m\000p\000i\000r\000a\000n}{}% 22
\BOOKMARK [2][-]{subsection.6.1}{\376\377\000L\000a\000m\000p\000i\000r\000a\000n\000\040\000A\000:\000\040\000D\000o\000k\000u\000m\000e\000n\000t\000a\000s\000i\000\040\000G\000i\000t\000h\000u\000b}{section.6}% 23
\BOOKMARK [3][-]{subsubsection.6.1.1}{\376\377\000L\000i\000n\000k\000\040\000R\000e\000p\000o\000s\000i\000t\000o\000r\000y}{subsection.6.1}% 24
\BOOKMARK [3][-]{subsubsection.6.1.2}{\376\377\000D\000o\000k\000u\000m\000e\000n\000t\000a\000s\000i\000\040\000C\000o\000m\000m\000i\000t\000\040\000d\000a\000n\000\040\000K\000o\000n\000t\000r\000i\000b\000u\000s\000i}{subsection.6.1}% 25
\BOOKMARK [2][-]{subsection.6.2}{\376\377\000L\000a\000m\000p\000i\000r\000a\000n\000\040\000B\000:\000\040\000P\000e\000n\000g\000g\000u\000n\000a\000a\000n\000\040\000A\000I\000\040\000d\000a\000l\000a\000m\000\040\000P\000r\000o\000y\000e\000k}{section.6}% 26
\BOOKMARK [3][-]{subsubsection.6.2.1}{\376\377\000A\000I\000\040\000T\000o\000o\000l\000s\000\040\000y\000a\000n\000g\000\040\000D\000i\000g\000u\000n\000a\000k\000a\000n}{subsection.6.2}% 27
\BOOKMARK [3][-]{subsubsection.6.2.2}{\376\377\000L\000i\000n\000k\000\040\000D\000o\000k\000u\000m\000e\000n\000t\000a\000s\000i\000\040\000P\000e\000n\000g\000g\000u\000n\000a\000a\000n\000\040\000A\000I}{subsection.6.2}% 28
\BOOKMARK [3][-]{subsubsection.6.2.3}{\376\377\000S\000c\000r\000e\000e\000n\000s\000h\000o\000t\000\040\000P\000e\000n\000g\000g\000u\000n\000a\000a\000n\000\040\000A\000I}{subsection.6.2}% 29
\BOOKMARK [2][-]{subsection.6.3}{\376\377\000L\000a\000m\000p\000i\000r\000a\000n\000\040\000C\000:\000\040\000K\000o\000d\000e\000\040\000P\000r\000o\000g\000r\000a\000m\000\040\000L\000e\000n\000g\000k\000a\000p}{section.6}% 30
\BOOKMARK [3][-]{subsubsection.6.3.1}{\376\377\000F\000i\000l\000e\000\040\000m\000a\000i\000n\000.\000p\000y}{subsection.6.3}% 31
\BOOKMARK [3][-]{subsubsection.6.3.2}{\376\377\000F\000i\000l\000e\000\040\000d\000i\000g\000i\000t\000\137\000r\000e\000c\000o\000g\000n\000i\000t\000i\000o\000n\000.\000p\000y}{subsection.6.3}% 32
\BOOKMARK [3][-]{subsubsection.6.3.3}{\376\377\000F\000i\000l\000e\000\040\000g\000e\000s\000t\000u\000r\000e\000\137\000t\000r\000a\000c\000k\000i\000n\000g\000.\000p\000y}{subsection.6.3}% 33
\BOOKMARK [2][-]{subsection.6.4}{\376\377\000L\000a\000m\000p\000i\000r\000a\000n\000\040\000D\000:\000\040\000S\000c\000r\000e\000e\000n\000s\000h\000o\000t\000\040\000T\000a\000m\000b\000a\000h\000a\000n}{section.6}% 34
\BOOKMARK [3][-]{subsubsection.6.4.1}{\376\377\000S\000c\000r\000e\000e\000n\000s\000h\000o\000t\000\040\000P\000r\000o\000s\000e\000s\000\040\000D\000e\000v\000e\000l\000o\000p\000m\000e\000n\000t}{subsection.6.4}% 35
\BOOKMARK [3][-]{subsubsection.6.4.2}{\376\377\000S\000c\000r\000e\000e\000n\000s\000h\000o\000t\000\040\000T\000e\000s\000t\000i\000n\000g}{subsection.6.4}% 36
\BOOKMARK [3][-]{subsubsection.6.4.3}{\376\377\000S\000c\000r\000e\000e\000n\000s\000h\000o\000t\000\040\000E\000r\000r\000o\000r\000\040\000d\000a\000n\000\040\000D\000e\000b\000u\000g\000g\000i\000n\000g}{subsection.6.4}% 37
